// Jest Snapshot v1, https://goo.gl/fbAQLP

exports[`Index renders correctly 1`] = `
<div>
  <div
    style={
      Object {
        "alignItems": "center",
        "display": "flex",
        "flexDirection": "column",
        "fontFamily": "Fira Code",
      }
    }
  >
    <h2
      style={
        Object {
          "marginBottom": 10,
        }
      }
    >
      Macgyver
    </h2>
    <p
      style={
        Object {
          "marginTop": 0,
          "opacity": 0.5,
        }
      }
    />
  </div>
</div>
`;
